[softivuslab.com/portify/versions/clean-bg/index.html]
[softivuslab.com/portify/versions/clean-bg/assets/images/favicon.ico]
[backblue.gif]
[fade.gif]
[index.html]
[softivuslab.com/portify/versions/clean-bg/assets/js/app.js]
[softivuslab.com/portify/versions/clean-bg/assets/images/logo.png]
[softivuslab.com/portify/versions/clean-bg/assets/css/index.css]
[softivuslab.com/portify/versions/clean-bg/assets/images/hero.png]
[softivuslab.com/portify/versions/clean-bg/assets/resume.pdf]
[softivuslab.com/portify/versions/clean-bg/assets/images/project-one.png]
[softivuslab.com/portify/versions/clean-bg/assets/images/project-two.png]
[softivuslab.com/portify/versions/clean-bg/assets/images/project-three.png]
[softivuslab.com/portify/versions/clean-bg/blog-details.html]
[softivuslab.com/portify/versions/clean-bg/assets/images/blog-1.png]
[softivuslab.com/portify/versions/clean-bg/assets/images/blog-2.png]
[softivuslab.com/portify/versions/clean-bg/blogs.html]
[softivuslab.com/portify/versions/clean-bg/assets/images/edumaster-big.png]
[softivuslab.com/portify/versions/clean-bg/assets/images/project-details-1.png]
[softivuslab.com/portify/versions/clean-bg/assets/images/project-details-2.png]
[softivuslab.com/portify/versions/clean-bg/index.html]
[upload.wikimedia.org/wikipedia/commons/5/5c/Image_gaussian_noise_example.png]
[softivuslab.com/portify/versions/clean-bg/assets/css/index.css]
[softivuslab.com/portify/versions/clean-bg/assets/images/blog-3.png]
[softivuslab.com/portify/versions/clean-bg/assets/images/blog-video.png]
[softivuslab.com/portify/versions/clean-bg/assets/images/youtube.png]
[softivuslab.com/portify/versions/clean-bg/assets/images/blog-details.png]
[softivuslab.com/portify/versions/clean-bg/assets/images/fb.png]
[softivuslab.com/portify/versions/clean-bg/assets/images/tt.png]
[softivuslab.com/portify/versions/clean-bg/assets/images/x.png]
[softivuslab.com/portify/versions/clean-bg/assets/images/sp.png]
[softivuslab.com/portify/versions/clean-bg/blog-details.html]
[softivuslab.com/portify/versions/clean-bg/assets/images/blog-4.png]
[softivuslab.com/portify/versions/clean-bg/blogs.html]
